(node:16932) ExperimentalWarning: SQLite is an experimental feature and might change at any time
(Use `node --trace-warnings ...` to show where the warning was created)
(node:16932) Warning: SECURITY WARNING: The SSL modes 'prefer', 'require', and 'verify-ca' are treated as aliases for 'verify-full'.
In the next major version (pg-connection-string v3.0.0 and pg v9.0.0), these modes will adopt standard libpq semantics, which have weaker security guarantees.

To prepare for this change:
- If you want the current behavior, explicitly use 'sslmode=verify-full'
- If you want libpq compatibility now, use 'uselibpqcompat=true&sslmode=require'

See https://www.postgresql.org/docs/current/libpq-ssl.html for libpq SSL mode definitions.
已连接 PG: postgresql://neondb_owner:****@ep-old-base-ax7ek1ah.c-4.us-east-2.aws.neon.tech/neondb?sslmode=require
  users: 4 行 ✅
  ai_configs: 1 行 ✅
  user_profiles: 2 行 ✅
  user_states: 112 行 ✅
  user_models: 4 行 ✅（跳过孤儿 1 行）
  tasks: 第 1 轮 41 行 ✅（剩 4）
  tasks: 第 2 轮 4 行 ✅（剩 0）
  schedules: 21 行 ✅
  time_logs: 132 行 ✅
  daily_summaries: 56 行 ✅
  daily_notes: 2 行 ✅
  task_drafts: 3 行 ✅
  task_draft_items: 5 行 ✅
  agent_memories: 25 行 ✅（跳过孤儿 2 行）
  agent_feedbacks: 39 行 ✅
  decision_logs: 1106 行 ✅
  today_decisions: 17 行 ✅
  task_execution_feedback: 57 行 ✅
  daily_briefs: 18 行 ✅
  user_observations: 63 行 ✅
  user_patterns: 2 行 ✅

迁移完成：20 表，0 行
